Error: relation "Document" does not exist
LINE 1: INSERT INTO "Document" ("createdAt", "updatedAt", "id", "tit...
                    ^
Traceback (most recent call last):
  File "/home/paardhu/Projects/qp-gen/backend/.venv/lib/python3.14/site-packages/django/db/backends/utils.py", line 105, in _execute
    return self.cursor.execute(sql, params)
           ~~~~~~~~~~~~~~~~~~~^^^^^^^^^^^^^
  File "/home/paardhu/Projects/qp-gen/backend/.venv/lib/python3.14/site-packages/psycopg/cursor.py", line 117, in execute
    raise ex.with_traceback(None)
psycopg.errors.UndefinedTable: relation "Document" does not exist
LINE 1: INSERT INTO "Document" ("createdAt", "updatedAt", "id", "tit...
                    ^

The above exception was the direct cause of the following exception:

Traceback (most recent call last):
  File "/home/paardhu/Projects/qp-gen/backend/apps/documents/views.py", line 16, in post
    document = process_document_upload(
        file=serializer.validated_data["file"],
        user=request.user,
        project_id=serializer.validated_data.get("projectId") or None,
    )
  File "/home/paardhu/Projects/qp-gen/backend/services/document_service.py", line 40, in process_document_upload
    document = Document.objects.create(
        title=file_name,
    ...<2 lines>...
        project_id=project_id,
    )
  File "/home/paardhu/Projects/qp-gen/backend/.venv/lib/python3.14/site-packages/django/db/models/manager.py", line 87, in manager_method
    return getattr(self.get_queryset(), name)(*args, **kwargs)
           ~~~~~~~~~~~~~~~~~~~~~~~~~~~~~~~~~~^^^^^^^^^^^^^^^^^
  File "/home/paardhu/Projects/qp-gen/backend/.venv/lib/python3.14/site-packages/django/db/models/query.py", line 679, in create
    obj.save(force_insert=True, using=self.db)
    ~~~~~~~~^^^^^^^^^^^^^^^^^^^^^^^^^^^^^^^^^^
  File "/home/paardhu/Projects/qp-gen/backend/.venv/lib/python3.14/site-packages/django/db/models/base.py", line 822, in save
    self.save_base(
    ~~~~~~~~~~~~~~^
        using=using,
        ^^^^^^^^^^^^
    ...<2 lines>...
        update_fields=update_fields,
        ^^^^^^^^^^^^^^^^^^^^^^^^^^^^
    )
    ^
  File "/home/paardhu/Projects/qp-gen/backend/.venv/lib/python3.14/site-packages/django/db/models/base.py", line 909, in save_base
    updated = self._save_table(
        raw,
    ...<4 lines>...
        update_fields,
    )
  File "/home/paardhu/Projects/qp-gen/backend/.venv/lib/python3.14/site-packages/django/db/models/base.py", line 1071, in _save_table
    results = self._do_insert(
        cls._base_manager, using, fields, returning_fields, raw
    )
  File "/home/paardhu/Projects/qp-gen/backend/.venv/lib/python3.14/site-packages/django/db/models/base.py", line 1112, in _do_insert
    return manager._insert(
           ~~~~~~~~~~~~~~~^
        [self],
        ^^^^^^^
    ...<3 lines>...
        raw=raw,
        ^^^^^^^^
    )
    ^
  File "/home/paardhu/Projects/qp-gen/backend/.venv/lib/python3.14/site-packages/django/db/models/manager.py", line 87, in manager_method
    return getattr(self.get_queryset(), name)(*args, **kwargs)
           ~~~~~~~~~~~~~~~~~~~~~~~~~~~~~~~~~~^^^^^^^^^^^^^^^^^
  File "/home/paardhu/Projects/qp-gen/backend/.venv/lib/python3.14/site-packages/django/db/models/query.py", line 1847, in _insert
    return query.get_compiler(using=using).execute_sql(returning_fields)
           ~~~~~~~~~~~~~~~~~~~~~~~~~~~~~~~~~~~~~~~~~~~^^^^^^^^^^^^^^^^^^
  File "/home/paardhu/Projects/qp-gen/backend/.venv/lib/python3.14/site-packages/django/db/models/sql/compiler.py", line 1823, in execute_sql
    cursor.execute(sql, params)
    ~~~~~~~~~~~~~~^^^^^^^^^^^^^
  File "/home/paardhu/Projects/qp-gen/backend/.venv/lib/python3.14/site-packages/django/db/backends/utils.py", line 79, in execute
    return self._execute_with_wrappers(
           ~~~~~~~~~~~~~~~~~~~~~~~~~~~^
        sql, params, many=False, executor=self._execute
        ^^^^^^^^^^^^^^^^^^^^^^^^^^^^^^^^^^^^^^^^^^^^^^^
    )
    ^
  File "/home/paardhu/Projects/qp-gen/backend/.venv/lib/python3.14/site-packages/django/db/backends/utils.py", line 92, in _execute_with_wrappers
    return executor(sql, params, many, context)
  File "/home/paardhu/Projects/qp-gen/backend/.venv/lib/python3.14/site-packages/django/db/backends/utils.py", line 100, in _execute
    with self.db.wrap_database_errors:
         ^^^^^^^^^^^^^^^^^^^^^^^^^^^^
  File "/home/paardhu/Projects/qp-gen/backend/.venv/lib/python3.14/site-packages/django/db/utils.py", line 91, in __exit__
    raise dj_exc_value.with_traceback(traceback) from exc_value
  File "/home/paardhu/Projects/qp-gen/backend/.venv/lib/python3.14/site-packages/django/db/backends/utils.py", line 105, in _execute
    return self.cursor.execute(sql, params)
           ~~~~~~~~~~~~~~~~~~~^^^^^^^^^^^^^
  File "/home/paardhu/Projects/qp-gen/backend/.venv/lib/python3.14/site-packages/psycopg/cursor.py", line 117, in execute
    raise ex.with_traceback(None)
django.db.utils.ProgrammingError: relation "Document" does not exist
LINE 1: INSERT INTO "Document" ("createdAt", "updatedAt", "id", "tit...
                    ^

